// Jest Snapshot v1, https://goo.gl/fbAQLP

exports[`it works 1`] = `
.c0 {
  width: 85%;
  height: 0%;
  padding-bottom: 80%;
  border-radius: 50%;
  border: 3px solid;
  overflow: hidden;
  -webkit-transition: 1s background;
  transition: 1s background;
}

.c0:hover {
  background: linear-gradient(45deg,,#d9daeb);
  border: 3.5px solid;
  -webkit-transform: scale(1.1);
  -ms-transform: scale(1.1);
  transform: scale(1.1);
}

.c1 {
  color: #fff;
  line-height: 1em;
  font-family: 'Karla',sans-serif;
  font-weight: 900;
  font-size: 18px;
  padding: 40% 0%;
}

@media (max-width:630px) {
  .c1 {
    font-size: 15px;
  }
}

@media (max-width:530px) {
  .c1 {
    font-size: 10px;
  }
}

<button
  className="c0"
  onClick={[Function]}
>
  <div
    className="c1"
  />
</button>
`;
